
> humanoid-robotics-textbook@0.0.0 build
> docusaurus build

node.exe : [WARNING] The `siteConfig.onBrokenMarkdownLinks` config option is 
deprecated and will be removed in Docusaurus v4.
At line:1 char:1
+ & "C:\Program Files\nodejs/node.exe" "C:\Users\M.R COMPUTERS\AppData\ ...
+ ~~~~~~~~~~~~~~~~~~~~~~~~~~~~~~~~~~~~~~~~~~~~~~~~~~~~~~~~~~~~~~~~~~~~~
    + CategoryInfo          : NotSpecified: ([WARNING] The `... Docusaurus v4.:Stri 
   ng) [], RemoteException
    + FullyQualifiedErrorId : NativeCommandError
 
Please migrate and move this option to 
`siteConfig.markdown.hooks.onBrokenMarkdownLinks` instead.
[INFO] [en] Creating an optimized production build...
[WARNING] The `siteConfig.onBrokenMarkdownLinks` config option is deprecated and 
will be removed in Docusaurus v4.
Please migrate and move this option to 
`siteConfig.markdown.hooks.onBrokenMarkdownLinks` instead.

[ERROR] Error: Unable to build website for locale en.
    at tryToBuildLocale (D:\Agentic-Hackthon\Humanoid-Robotics_TextBook\node_modules
\@docusaurus\core\lib\commands\build\build.js:83:15)
    at async D:\Agentic-Hackthon\Humanoid-Robotics_TextBook\node_modules\@docusaurus
\core\lib\commands\build\build.js:35:9
    at async mapAsyncSequential (D:\Agentic-Hackthon\Humanoid-Robotics_TextBook\node
_modules\@docusaurus\utils\lib\jsUtils.js:21:24)
    at async Command.build (D:\Agentic-Hackthon\Humanoid-Robotics_TextBook\node_modu
les\@docusaurus\core\lib\commands\build\build.js:34:5)
    at async Promise.all (index 0)
    at async runCLI (D:\Agentic-Hackthon\Humanoid-Robotics_TextBook\node_modules\@do
cusaurus\core\lib\commands\cli.js:56:5)
    at async file:///D:/Agentic-Hackthon/Humanoid-Robotics_TextBook/node_modules/@do
cusaurus/core/bin/docusaurus.mjs:44:3 {
  [cause]: [Error: EBUSY: resource busy or locked, unlink 'D:\Agentic-Hackthon\Human
oid-Robotics_TextBook\build\docs\intro-to-physical-ai\index.html'] {
    errno: -4082,
    code: 'EBUSY',
    syscall: 'unlink',
    path: 'D:\\Agentic-Hackthon\\Humanoid-Robotics_TextBook\\build\\docs\\intro-to-p
hysical-ai\\index.html'
  }
}
[INFO] Docusaurus version: 3.9.2
Node version: v25.1.0
